MAP
  NAME customersMap
  STATUS ON
  IMAGETYPE PNG
  EXTENT -20037508.34 -20037508.34 20037508.34 20037508.34
  SIZE           800 700
  IMAGECOLOR 255 255 255
  TRANSPARENT ON

  LAYER
    NAME customersLayer
    TYPE POLYGON
    STATUS ON
    CONNECTIONTYPE postgis
    CONNECTION "host=127.0.0.1 port=5432 dbname=s7customers user=postgres password=postgres"
    DATA "area from s7customers USING unique id"
    LABELITEM "name"    
    CLASSITEM marketsector
    CLASS
      NAME "Electric"
      EXPRESSION "Electric"
      STYLE
        COLOR 4 202 27
        OUTLINECOLOR 0 0 0
        OPACITY 50
        ANTIALIAS true
	WIDTH 1
      END
      LABEL
        #MINFEATURESIZE 50
        MINDISTANCE 150
        POSITION CC
        SIZE TINY
	ANTIALIAS true
        COLOR 0 0 0
      END
    END
    CLASS
      NAME "Gas"
      EXPRESSION "Gas"
      STYLE
        COLOR 0 230 233
        OUTLINECOLOR 0 0 0
        OPACITY 50
        ANTIALIAS true
	WIDTH 1
      END
      LABEL
        #MINFEATURESIZE 50
        MINDISTANCE 150
        POSITION CC
        SIZE TINY
	ANTIALIAS true
        COLOR 0 0 0
      END
    END
    CLASS
      NAME "Water"
      EXPRESSION "Water"
      STYLE
        COLOR 0 21 219
        OUTLINECOLOR 0 0 0
        OPACITY 50
        ANTIALIAS true
	WIDTH 1
      END
      LABEL
        #MINFEATURESIZE 50
        MINDISTANCE 150
        POSITION CC
        SIZE TINY
	ANTIALIAS true
        COLOR 0 0 0
      END
    END
  END

END

